KEY vorhanden: true

## ecb OK https://www.ecb.europa.eu/rss/press.html (15)
- 2026-10-08T11:30:00.000Z | Meeting of 9-10 September 2026 | https://www.ecb.europa.eu//press/accounts/2026/html/ecb.mg261008~a10153d090.en.html
- 2026-10-08T06:00:00.000Z | Piero Cipollone: Interview with Corriere della Sera | https://www.ecb.europa.eu//press/inter/date/2026/html/ecb.in261008~3184e7d0d0.en.html
- 2026-10-07T08:00:00.000Z | Results of the September 2026 survey on credit terms and conditions in euro-denominated securities financing a | https://www.ecb.europa.eu//press/pr/date/2026/html/ecb.pr261007~6447350434.en.html
- 2026-10-06T13:00:00.000Z | Frank Elderson: Effective supervision through timely remediation | https://www.ecb.europa.eu//press/key/date/2026/html/ecb.sp261006_1~0df91e4e44.en.html
- 2026-10-06T13:00:00.000Z | Piero Cipollone: Money in the digital age: digital euro, tokenisation and the role of central banks | https://www.ecb.europa.eu//press/key/date/2026/html/ecb.sp261006~0da978f159.en.html
- 2026-10-06T07:00:00.000Z | Philip R. Lane: Interview with Ansa | https://www.ecb.europa.eu//press/inter/date/2026/html/ecb.in261006~bc94400297.en.html
  Seite: 14000 Zeichen: Meeting of 9-10 September 2026 Account of the monetary policy meeting of the Governing Council of the European Central Bank held in Berlin on Wednesday and Thursday, 9-10 September 2026 8 October 2026 1. Review of financial, economic and monetary developments and policy options Financial market deve

## eurostat OK https://ec.europa.eu/eurostat/en/search?p_p_id=estatsearchportlet_WAR_estatsearchportlet&p_p_lifecycle=2&p_p_state=maximized&p_p_mode=view&p_p_resource_id=atom&_estatsearchportlet_WAR_estatsearchportlet_collection=CAT_PREREL (11)
- 2026-10-07T09:00:00.000Z | Services production up by 0.4% in the euro area and by 0.3% in the EU | https://ec.europa.eu/eurostat/product?code=4-07102026-ap
- 2026-10-06T09:00:00.000Z | Volume of retail trade up by 0.1% in both the euro area and the EU | https://ec.europa.eu/eurostat/product?code=4-06102026-ap
- 2026-10-05T09:00:00.000Z | Industrial producer prices up by 1.9% in both the euro area and the EU | https://ec.europa.eu/eurostat/product?code=4-05102026-ap
- 2026-10-02T09:00:00.000Z | EU current account surplus €80.2 bn | https://ec.europa.eu/eurostat/product?code=2-02102026-cp
- 2026-10-02T09:00:00.000Z | Household saving rate decreases to 14.2% in the euro area | https://ec.europa.eu/eurostat/product?code=2-02102026-bp
- 2026-10-02T09:00:00.000Z | Euro area annual inflation up to 3.8% | https://ec.europa.eu/eurostat/product?code=2-02102026-ap
  Seite: 12344 Zeichen: Skip to the content Print page Printing can have negative environmental impacts due to paper waste. We encourage you to explore eco-friendly alternatives. Bookmarking this page in your browser allows you to access it anytime. This publication can also be converted to PDF, if you have a PDF printer i

## destatis OK https://www.destatis.de/SiteGlobals/Functions/RSSFeed/DE/RSSNewsfeed/Aktuell.xml (10)
- 2026-10-09T06:00:00.000Z | Tourismus in Deutschland im August 2026: 1,1 % weniger Übernachtungen als im Vorjahresmonat | https://www.destatis.de/DE/Presse/Pressemitteilungen/2026/10/PD26_361_45412.html
- 2026-10-09T06:00:00.000Z | Unternehmensinsolvenzen im Juli 2026: +8,0 % gegenüber Juli 2025 | https://www.destatis.de/DE/Presse/Pressemitteilungen/2026/10/PD26_362_52411.html
- 2026-10-09T06:00:00.000Z | Baupreise für Wohngebäude im August 2026: +5,5 % gegenüber August 2025 | https://www.destatis.de/DE/Presse/Pressemitteilungen/2026/10/PD26_360_61261.html
- 2026-10-09T06:00:00.000Z | Todesursachen 2025: Weniger Verstorbene aufgrund von Herz-Kreislauf-Erkrankungen | https://www.destatis.de/DE/Presse/Pressemitteilungen/2026/10/PD26_363_23211.html
- 2026-10-08T06:00:00.000Z | Lkw-Maut-Fahrleistungsindex im September 2026: +0,8 % zum Vormonat | https://www.destatis.de/DE/Presse/Pressemitteilungen/2026/10/PD26_358_421.html
- 2026-10-08T06:00:00.000Z | Exporte im August 2026: -0,8 % zum Juli 2026 | https://www.destatis.de/DE/Presse/Pressemitteilungen/2026/10/PD26_356_51.html
  Seite: 2107 Zeichen: Presse Tourismus in Deutschland im August 2026: 1,1 % weniger Übernachtungen als im Vorjahresmonat Seite teilen Pressemitteilung Nr. 361 vom 9. Oktober 2026 Gästeübernachtungen, August 2026 58,7 Millionen -1,1 % zum Vorjahresmonat WIESBADEN – Im August 2026 verbuchten die Beherbergungsbetriebe in De

## bundesbank OK https://www.bundesbank.de/service/rss/de/633286/feed.rss (10)
- 2026-10-09T07:00:00.000Z | Ausschreibung – Unverzinsliche Schatzanweisungen des Bundes (Bubills) | https://www.bundesbank.de/de/presse/pressemitteilungen/bundeswertpapiere/ausschreibung-unverzinsliche-schatzanweisungen-des-bundes-bubills--964926
- 2026-10-09T07:00:00.000Z | Invitation to bid – Federal Treasury discount paper (Bubills) | https://www.bundesbank.de/en/press/press-releases/federal-securities/invitation-to-bid-federal-treasury-discount-paper-bubills--1011308
- 2026-10-08T08:00:00.000Z | Gemeinsam gegen Betrug im Zahlungsverkehr: „Machen wir Phishen Impossible!“ | https://www.bundesbank.de/de/presse/pressemitteilungen/kampagne-gegen-betrug-im-zahlungsverkehr--1011144
- 2026-10-08T07:45:00.000Z | Ankündigung Tenderverfahren – Aufstockung von zwei Anleihen des Bundes | https://www.bundesbank.de/de/presse/pressemitteilungen/bundeswertpapiere/ankuendigung-tenderverfahren-aufstockung-von-zwei-anleihen-des-bundes--1011254
- 2026-10-08T07:45:00.000Z | Announcement of a multi-ISIN auction – Reopening of two Federal bonds | https://www.bundesbank.de/en/press/press-releases/federal-securities/announcement-of-a-multi-isin-auction-reopening-of-two-federal-bonds--1011256
- 2026-10-07T09:45:00.000Z | Tenderergebnis – Anleihe des Bundes | https://www.bundesbank.de/de/presse/pressemitteilungen/bundeswertpapiere/tenderergebnis-anleihe-des-bundes--964928
  Seite FEHLER Seite enthält kaum Text

## fed OK https://www.federalreserve.gov/feeds/press_all.xml (20)
- 2026-10-09T14:00:00.000Z | Federal Reserve Board releases results of the 2025 Survey of Consumer Finances, which provides the public and  | https://www.federalreserve.gov/newsevents/pressreleases/other20261009a.htm
- 2026-10-08T20:30:00.000Z | Federal Reserve Board announces enforcement action against American Express Company to address, among other th | https://www.federalreserve.gov/newsevents/pressreleases/enforcement20261008a.htm
- 2026-10-07T18:00:00.000Z | Minutes of the Federal Open Market Committee, September 15-16, 2026 | https://www.federalreserve.gov/newsevents/pressreleases/monetary20261007a.htm
- 2026-10-05T20:30:00.000Z | Federal Reserve Board announces approval of application by Isabella Bank Corporation | https://www.federalreserve.gov/newsevents/pressreleases/orders20261005a.htm
- 2026-10-02T20:45:00.000Z | Federal Reserve Board announces approval of application by Fleur Capital Corporation | https://www.federalreserve.gov/newsevents/pressreleases/orders20261002a.htm
- 2026-10-02T20:00:00.000Z | Federal Reserve Board announces it will extend, until November 4, the comment period on its proposal to modern | https://www.federalreserve.gov/newsevents/pressreleases/bcreg20261002a.htm
  Seite: 3724 Zeichen: Home News & Events Press Releases Press Release October 09, 2026 Federal Reserve Board releases results of the 2025 Survey of Consumer Finances, which provides the public and policymakers with detailed insights into the economic condition of American families For release at 10:00 a.m. EDT Share --> 

## bls FEHLER https://www.bls.gov/feed/bls_latest.rss: HTTP 403

## bea OK https://apps.bea.gov/rss/rss.xml (48)
- 2026-10-06T12:30:00.000Z | U.S. International Trade in Goods and Services, August 2026 | https://www.bea.gov/news/2026/us-international-trade-goods-and-services-august-2026
- 2026-09-30T12:30:00.000Z | GDP, (Third Estimate), Industries, Corporate Profits, State GDP, and State Personal Income, 2nd Quarter 2026;  | https://www.bea.gov/news/2026/gdp-third-estimate-industries-corporate-profits-state-gdp-and-state-personal-income-2nd
- 2026-09-24T12:30:00.000Z | U.S. International Transactions and Investment Position, 2nd Quarter 2026 | https://bea.gov/news/2026/us-international-transactions-and-investment-position-2nd-quarter-2026
- 2026-08-26T12:30:00.000Z | Personal Income and Outlays, July 2026 | https://www.bea.gov/news/2026/personal-income-and-outlays-july-2026
- 2026-07-30T12:30:00.000Z | Personal Income and Outlays, June 2026 | https://www.bea.gov/news/2026/personal-income-and-outlays-june-2026
- 2026-07-21T12:30:00.000Z | Direct Investment by Country and Industry, 2025 | https://www.bea.gov/news/2026/direct-investment-country-and-industry-2025
  Seite: 14000 Zeichen: News Release Explore Product View News Release Related Materials Contacts Additional Information EMBARGOED UNTIL RELEASE AT 8:30 a.m. EDT, Tuesday, October 6, 2026 BEA 26—44 CB 26—160 U.S. International Trade in Goods and Services, August 2026 The U.S. Census Bureau and the U.S. Bureau of Economic A

## eia OK https://www.eia.gov/rss/todayinenergy.xml (15)
- 2001-10-09T14:00:00.000Z | Category 2 Hurricane Isaias nears landfall, leading to production shut-ins | https://www.eia.gov/todayinenergy/detail.php?id=68284
- 2026-10-07T14:00:00.000Z | Mixed outlook for energy expenditures this winter | https://www.eia.gov/todayinenergy/detail.php?id=68264
- 2026-10-05T14:00:00.000Z | Crude oil prices and refinery margins generally increased throughout the third quarter | https://www.eia.gov/todayinenergy/detail.php?id=68245
- 2026-10-02T14:00:00.000Z | U.S. natural gas production reached a record high in July 2026 | https://www.eia.gov/todayinenergy/detail.php?id=68225
- 2026-10-01T14:00:00.000Z | U.S. exports of propane reached records in the first half of 2026 | https://www.eia.gov/todayinenergy/detail.php?id=68244
- 2026-09-30T14:00:00.000Z | U.S. electricity use for electric vehicles increasing at a slower pace in 2026 | https://www.eia.gov/todayinenergy/detail.php?id=68224
  Seite: 5703 Zeichen: Today in Energy Skip to page content Recent articles Browse by tag liquid fuels natural gas electricity oil/petroleum production/supply crude oil consumption/demand generation prices map states exports/imports international coal renewables weather forecasts/projections gasoline capacity steo (short-

## imf FEHLER https://www.imf.org/en/News/rss?language=eng: HTTP 404

## fao OK https://www.fao.org/feeds/fao-newsroom-rss (19)
- 2026-10-08T12:00:00.000Z | FAO’s From Seeds to Foods exhibition opens at Rome’s historic Circo Massimo, showcasing global agrifood innova | https://www.fao.org/newsroom/detail/fao-s-from-seeds-to-foods-exhibition-opens-at-rome-s-historic-circo-massimo--showcasing-global-agrifood-innovation/en
- 2026-10-07T12:00:00.000Z | FAO Director-General honours Uzbekistan’s President with prize during visit to Tashkent | https://www.fao.org/newsroom/detail/fao-director-general-honours-uzbekistan-s-president-with-prize-during-visit-to-tashkent/en
- 2026-10-07T12:00:00.000Z | Study gives fresh impetus to reduce seabird bycatch in Southern Hemisphere fisheries | https://www.fao.org/newsroom/detail/study-gives-fresh-impetus-to-reduce-seabird-bycatch-in-southern-hemisphere-fisheries/en
- 2026-10-07T12:00:00.000Z | FAO calls for urgent investment to protect food production as crises deepen across the Near East and North Afr | https://www.fao.org/newsroom/detail/fao-calls-for-urgent-investment-to-protect-food-production-as-crises-deepen-across-the-near-east-and-north-africa/en
- 2026-10-02T12:00:00.000Z | World Forest Week: FAO urges greater investment and action for the world's dryland forests | https://www.fao.org/newsroom/detail/world-forest-week--fao-urges-greater-investment-and-action-for-the-world's-dryland-forests/en
- 2026-10-02T12:00:00.000Z | FAO Food Price Index rises in September amid weather concerns and transport disruptions | https://www.fao.org/newsroom/detail/fao-food-price-index-rises-in-september-amid-weather-concerns-and-transport-disruptions/en
  Seite: 3928 Zeichen: Share Close FAO’s From Seeds to Foods exhibition opens at Rome’s historic Circo Massimo, showcasing global agrifood innovation More than 300 exhibitors from over 140 countries showcase five days of agrifood innovation, from farm technology to new food solutions FAO Director-General QU Dongyu speaks 
